INFO: Start of Translation:	28-Apr-2026 9:13:08 AM

INFO: Header : Author::Unknown
INFO: Header : Authorization::Unknown
INFO: Header : Description::STEP AP214
INFO: Header : File Name::SC-0251MG+_3D??.STEP
INFO: Header : Implementation Level::1
INFO: Header : Organization::Unknown
INFO: Header : Originating System::SolidWorks 2024
INFO: Header : Preprocessor Version::SwSTEP 2.0
INFO: Header : Schema::AUTOMOTIVE_DESIGN
INFO: Header : Time Stamp::2025-04-16T07:17:41
INFO: Begin CAD File Read 'C:/Users/Kylian/OneDrive - UGent/Project gebruiksgericht ontwerpen/Sustainability @ Home - Groepswerk/03-05 Develop/Uit te voeren onderzoeken/prototypes/Interface prototypes/rotating pivot arm/V2/sc-0251mgp.STEP'

INFO:       Summary of STEP Entities
INFO: 
INFO: Entity Type                                                   Count
INFO: -----------                                                   ------
INFO: advanced_brep_shape_representation .......................:   1
INFO: advanced_face ............................................:   954
INFO: application_context ......................................:   2
INFO: application_protocol_definition ..........................:   2
INFO: axis2_placement_3d .......................................:   1149
INFO: b_spline_curve_with_knots ................................:   1556
INFO: b_spline_curve_with_knots_and_rational_b_spline_curve ....:   73
INFO: b_spline_surface_with_knots ..............................:   68
INFO: b_spline_surface_with_knots_and_rational_b_spline_surface :   66
INFO: cartesian_point ..........................................:   21515
INFO: circle ...................................................:   328
INFO: closed_shell .............................................:   1
INFO: colour_rgb ...............................................:   955
INFO: conical_surface ..........................................:   43
INFO: cylindrical_surface ......................................:   187
INFO: direction ................................................:   5043
INFO: edge_curve ...............................................:   4702
INFO: edge_loop ................................................:   1153
INFO: face_bound ...............................................:   177
INFO: face_outer_bound .........................................:   976
INFO: fill_area_style ..........................................:   955
INFO: fill_area_style_colour ...................................:   955
INFO: geometric_representation_context_and_global_uncertainty_a :   956
INFO: length_unit_and_si_unit ..................................:   956
INFO: line .....................................................:   2745
INFO: manifold_solid_brep ......................................:   1
INFO: mechanical_design_geometric_presentation_representation ..:   955
INFO: oriented_edge ............................................:   9404
INFO: plane ....................................................:   576
INFO: plane_angle_unit_and_si_unit .............................:   956
INFO: presentation_layer_assignment ............................:   955
INFO: presentation_style_assignment ............................:   955
INFO: product ..................................................:   1
INFO: product_context ..........................................:   1
INFO: product_definition .......................................:   1
INFO: product_definition_context ...............................:   1
INFO: product_definition_formation_with_specified_source .......:   1
INFO: product_definition_shape .................................:   1
INFO: product_related_product_category .........................:   1
INFO: shape_definition_representation ..........................:   1
INFO: si_unit_and_solid_angle_unit .............................:   956
INFO: spherical_surface ........................................:   13
INFO: styled_item ..............................................:   955
INFO: surface_side_style .......................................:   955
INFO: surface_style_fill_area ..................................:   955
INFO: surface_style_usage ......................................:   955
INFO: toroidal_surface .........................................:   1
INFO: uncertainty_measure_with_unit ............................:   956
INFO: vector ...................................................:   2745
INFO: vertex_point .............................................:   3949
INFO:                                                              -------
INFO: Total                                                         71768


INFO: Creating the NX Part:	28-Apr-2026 9:13:15 AM
INFO: Creating Part ..:	C:\Users\Kylian\OneDrive - UGent\Project gebruiksgericht ontwerpen\Sustainability @ Home - Groepswerk\03-05 Develop\Uit te voeren onderzoeken\prototypes\Interface prototypes\rotating pivot arm\V2\sc-0251mgp_step.prt


INFO: Summary of NX Entities

INFO: Entity Type                                                   Count
INFO: -----------                                                   ------
INFO: Solid/Sheet..............................................:	1
INFO:                                                              -------
INFO: Total                                                    :	1


INFO: Total number of solids/sheets created :		1


INFO: Number of Error Messages..........:	0
INFO: Number of Warning Messages........:	0


INFO: End of Translation:	28-Apr-2026 9:13:16 AM
