
Unigraphics NX2506.4001 / 2D Exchange

Reading part: C:\Users\runec\AppData\Local\Temp\Robot_Rotating_objects.prt


Writing part: C:\Users\runec\AppData\Local\Temp\runegmbsu51lcb7mp.prt

Elapsed time   :    0 minutes,  0 seconds
Actual CPU Time:    0 minutes,  1 seconds

INFO-
INFO-		Unigraphics Version NX2506.4001 to AutoCAD 2004
INFO-		
INFO-
INFO-		Running UGTODXF Translator .....
INFO-
INFO-		Start of Translation: Fri Apr  3 10:02:37 2026
INFO-
STATUS-		Converting C:\Users\runec\AppData\Local\Temp\runegmbsu51lcb7mp.prt
STATUS-
SUMMARY-
SUMMARY-	Summary of Unigraphics Input Entities
SUMMARY-	For Unigraphics File: C:\Users\runec\AppData\Local\Temp\runegmbsu51lcb7mp.prt
SUMMARY-	------------------------------------------------------------------
SUMMARY-	Entity Type					Count
SUMMARY-	------------------------------------------------------------------
SUMMARY-	Line .....................................:	6
SUMMARY-	Arc ......................................:	2
SUMMARY-	Circle ...................................:	2
SUMMARY-	------------------------------------------------------------------
SUMMARY-	Total ....................................:	10
SUMMARY-	------------------------------------------------------------------
SUMMARY-
STATUS-
INFO-
INFO-		Writing File: C:\Users\runec\OneDrive - UGent\Bestanden van Kylian Maelstaf - Sustainability @ Home - Groepswerk\03-05 Develop\Uit te voeren onderzoeken\prototypes\Interface prototypes\rotating slider arm\Robot_Rotating_1.dxf
SUMMARY-	Summary of AutoCAD Output Entities
SUMMARY-	------------------------------------------------------------------
SUMMARY-	Entity Type					Count
SUMMARY-	------------------------------------------------------------------
SUMMARY-	Arc ......................................:	2
SUMMARY-	Circle ...................................:	2
SUMMARY-	Line .....................................:	6
SUMMARY-	Layout ...................................:	6
SUMMARY-	------------------------------------------------------------------
SUMMARY-	Total ....................................:	16
SUMMARY-	------------------------------------------------------------------
SUMMARY-
INFO-
INFO-		End of Translation: Fri Apr  3 10:02:37 2026
INFO-		Translation CPU time: 0 m, 1 sINFO-
